*** ch(/Users/chester_hqf/Desktop/Research/2025/Lindbladian/Lindbladian_compilation/external_tools/quartz/eccset/IBM,q=3) = 1362
BFS: 1 representative DAGs to search with 0 gates.
/Users/chester_hqf/miniconda3/envs/quartz_py39_z3_4812/lib/python3.9/site-packages/z3/z3core.py:5: UserWarning: pkg_resources is deprecated as an API. See https://setuptools.pypa.io/en/latest/pkg_resources.html. The pkg_resources package is slated for removal as early as 2025-11-30. Refrain from using this package or pin to Setuptools<81.
  import pkg_resources
Considering a total of 1363 circuits split into 1363 hash values...
Processed 1363 hash values that had only 1 circuit sequence, now processing the remaining 0 ones with 2 or more circuit sequences...
Start checking equivalence with different hash...
End checking equivalence with different hash. Solver invoked 0 times to find 0 equivalences with different hash, including 0 out of 0 possible equivalences under phase shift.
0 equivalences found in 0.06278195800000008 seconds (solver invoked 0 times for 1363 circuits with 1363 different hash values and 0 potential equivalences), output 1363 equivalence classes.
Json saved in 0.010803291999999964 seconds.
BFS: 1362 representative DAGs to search with 1 gates.
/Users/chester_hqf/miniconda3/envs/quartz_py39_z3_4812/lib/python3.9/site-packages/z3/z3core.py:5: UserWarning: pkg_resources is deprecated as an API. See https://setuptools.pypa.io/en/latest/pkg_resources.html. The pkg_resources package is slated for removal as early as 2025-11-30. Refrain from using this package or pin to Setuptools<81.
  import pkg_resources
Considering a total of 26515 circuits split into 23000 hash values...
Processed 20225 hash values that had only 1 circuit sequence, now processing the remaining 2775 ones with 2 or more circuit sequences...
/Users/chester_hqf/miniconda3/envs/quartz_py39_z3_4812/lib/python3.9/site-packages/z3/z3core.py:5: UserWarning: pkg_resources is deprecated as an API. See https://setuptools.pypa.io/en/latest/pkg_resources.html. The pkg_resources package is slated for removal as early as 2025-11-30. Refrain from using this package or pin to Setuptools<81.
  import pkg_resources
/Users/chester_hqf/miniconda3/envs/quartz_py39_z3_4812/lib/python3.9/site-packages/z3/z3core.py:5: UserWarning: pkg_resources is deprecated as an API. See https://setuptools.pypa.io/en/latest/pkg_resources.html. The pkg_resources package is slated for removal as early as 2025-11-30. Refrain from using this package or pin to Setuptools<81.
  import pkg_resources
/Users/chester_hqf/miniconda3/envs/quartz_py39_z3_4812/lib/python3.9/site-packages/z3/z3core.py:5: UserWarning: pkg_resources is deprecated as an API. See https://setuptools.pypa.io/en/latest/pkg_resources.html. The pkg_resources package is slated for removal as early as 2025-11-30. Refrain from using this package or pin to Setuptools<81.
  import pkg_resources
/Users/chester_hqf/miniconda3/envs/quartz_py39_z3_4812/lib/python3.9/site-packages/z3/z3core.py:5: UserWarning: pkg_resources is deprecated as an API. See https://setuptools.pypa.io/en/latest/pkg_resources.html. The pkg_resources package is slated for removal as early as 2025-11-30. Refrain from using this package or pin to Setuptools<81.
  import pkg_resources
/Users/chester_hqf/miniconda3/envs/quartz_py39_z3_4812/lib/python3.9/site-packages/z3/z3core.py:5: UserWarning: pkg_resources is deprecated as an API. See https://setuptools.pypa.io/en/latest/pkg_resources.html. The pkg_resources package is slated for removal as early as 2025-11-30. Refrain from using this package or pin to Setuptools<81.
  import pkg_resources
/Users/chester_hqf/miniconda3/envs/quartz_py39_z3_4812/lib/python3.9/site-packages/z3/z3core.py:5: UserWarning: pkg_resources is deprecated as an API. See https://setuptools.pypa.io/en/latest/pkg_resources.html. The pkg_resources package is slated for removal as early as 2025-11-30. Refrain from using this package or pin to Setuptools<81.
  import pkg_resources
/Users/chester_hqf/miniconda3/envs/quartz_py39_z3_4812/lib/python3.9/site-packages/z3/z3core.py:5: UserWarning: pkg_resources is deprecated as an API. See https://setuptools.pypa.io/en/latest/pkg_resources.html. The pkg_resources package is slated for removal as early as 2025-11-30. Refrain from using this package or pin to Setuptools<81.
  import pkg_resources
/Users/chester_hqf/miniconda3/envs/quartz_py39_z3_4812/lib/python3.9/site-packages/z3/z3core.py:5: UserWarning: pkg_resources is deprecated as an API. See https://setuptools.pypa.io/en/latest/pkg_resources.html. The pkg_resources package is slated for removal as early as 2025-11-30. Refrain from using this package or pin to Setuptools<81.
  import pkg_resources
/Users/chester_hqf/miniconda3/envs/quartz_py39_z3_4812/lib/python3.9/site-packages/z3/z3core.py:5: UserWarning: pkg_resources is deprecated as an API. See https://setuptools.pypa.io/en/latest/pkg_resources.html. The pkg_resources package is slated for removal as early as 2025-11-30. Refrain from using this package or pin to Setuptools<81.
  import pkg_resources
/Users/chester_hqf/miniconda3/envs/quartz_py39_z3_4812/lib/python3.9/site-packages/z3/z3core.py:5: UserWarning: pkg_resources is deprecated as an API. See https://setuptools.pypa.io/en/latest/pkg_resources.html. The pkg_resources package is slated for removal as early as 2025-11-30. Refrain from using this package or pin to Setuptools<81.
  import pkg_resources
Start checking equivalence with different hash...
End checking equivalence with different hash. Solver invoked 82 times to find 82 equivalences with different hash, including 0 out of 0 possible equivalences under phase shift.
3597 equivalences (including 82 with different hash values) found in 29.459070125 seconds (solver invoked 3597 times (including 82 times for circuits with different hash values) for 26515 circuits with 23000 different hash values and 3515 potential equivalences), output 23000 equivalence classes (will be merged into 22918 equivalence classes after dealing with equivalent equivalence classes with different hash values).
Json saved in 0.2816965420000024 seconds.
BFS: 21555 representative DAGs to search with 2 gates.
/Users/chester_hqf/miniconda3/envs/quartz_py39_z3_4812/lib/python3.9/site-packages/z3/z3core.py:5: UserWarning: pkg_resources is deprecated as an API. See https://setuptools.pypa.io/en/latest/pkg_resources.html. The pkg_resources package is slated for removal as early as 2025-11-30. Refrain from using this package or pin to Setuptools<81.
  import pkg_resources
Considering a total of 235311 circuits split into 224484 hash values...
Processed 215052 hash values that had only 1 circuit sequence, now processing the remaining 9432 ones with 2 or more circuit sequences...
/Users/chester_hqf/miniconda3/envs/quartz_py39_z3_4812/lib/python3.9/site-packages/z3/z3core.py:5: UserWarning: pkg_resources is deprecated as an API. See https://setuptools.pypa.io/en/latest/pkg_resources.html. The pkg_resources package is slated for removal as early as 2025-11-30. Refrain from using this package or pin to Setuptools<81.
  import pkg_resources
/Users/chester_hqf/miniconda3/envs/quartz_py39_z3_4812/lib/python3.9/site-packages/z3/z3core.py:5: UserWarning: pkg_resources is deprecated as an API. See https://setuptools.pypa.io/en/latest/pkg_resources.html. The pkg_resources package is slated for removal as early as 2025-11-30. Refrain from using this package or pin to Setuptools<81.
  import pkg_resources
/Users/chester_hqf/miniconda3/envs/quartz_py39_z3_4812/lib/python3.9/site-packages/z3/z3core.py:5: UserWarning: pkg_resources is deprecated as an API. See https://setuptools.pypa.io/en/latest/pkg_resources.html. The pkg_resources package is slated for removal as early as 2025-11-30. Refrain from using this package or pin to Setuptools<81.
  import pkg_resources
/Users/chester_hqf/miniconda3/envs/quartz_py39_z3_4812/lib/python3.9/site-packages/z3/z3core.py:5: UserWarning: pkg_resources is deprecated as an API. See https://setuptools.pypa.io/en/latest/pkg_resources.html. The pkg_resources package is slated for removal as early as 2025-11-30. Refrain from using this package or pin to Setuptools<81.
  import pkg_resources
/Users/chester_hqf/miniconda3/envs/quartz_py39_z3_4812/lib/python3.9/site-packages/z3/z3core.py:5: UserWarning: pkg_resources is deprecated as an API. See https://setuptools.pypa.io/en/latest/pkg_resources.html. The pkg_resources package is slated for removal as early as 2025-11-30. Refrain from using this package or pin to Setuptools<81.
  import pkg_resources
/Users/chester_hqf/miniconda3/envs/quartz_py39_z3_4812/lib/python3.9/site-packages/z3/z3core.py:5: UserWarning: pkg_resources is deprecated as an API. See https://setuptools.pypa.io/en/latest/pkg_resources.html. The pkg_resources package is slated for removal as early as 2025-11-30. Refrain from using this package or pin to Setuptools<81.
  import pkg_resources
/Users/chester_hqf/miniconda3/envs/quartz_py39_z3_4812/lib/python3.9/site-packages/z3/z3core.py:5: UserWarning: pkg_resources is deprecated as an API. See https://setuptools.pypa.io/en/latest/pkg_resources.html. The pkg_resources package is slated for removal as early as 2025-11-30. Refrain from using this package or pin to Setuptools<81.
  import pkg_resources
/Users/chester_hqf/miniconda3/envs/quartz_py39_z3_4812/lib/python3.9/site-packages/z3/z3core.py:5: UserWarning: pkg_resources is deprecated as an API. See https://setuptools.pypa.io/en/latest/pkg_resources.html. The pkg_resources package is slated for removal as early as 2025-11-30. Refrain from using this package or pin to Setuptools<81.
  import pkg_resources
/Users/chester_hqf/miniconda3/envs/quartz_py39_z3_4812/lib/python3.9/site-packages/z3/z3core.py:5: UserWarning: pkg_resources is deprecated as an API. See https://setuptools.pypa.io/en/latest/pkg_resources.html. The pkg_resources package is slated for removal as early as 2025-11-30. Refrain from using this package or pin to Setuptools<81.
  import pkg_resources
/Users/chester_hqf/miniconda3/envs/quartz_py39_z3_4812/lib/python3.9/site-packages/z3/z3core.py:5: UserWarning: pkg_resources is deprecated as an API. See https://setuptools.pypa.io/en/latest/pkg_resources.html. The pkg_resources package is slated for removal as early as 2025-11-30. Refrain from using this package or pin to Setuptools<81.
  import pkg_resources
Start checking equivalence with different hash...
End checking equivalence with different hash. Solver invoked 203 times to find 203 equivalences with different hash, including 0 out of 0 possible equivalences under phase shift.
11030 equivalences (including 203 with different hash values) found in 126.60955274999999 seconds (solver invoked 11030 times (including 203 times for circuits with different hash values) for 235311 circuits with 224484 different hash values and 10827 potential equivalences), output 224484 equivalence classes (will be merged into 224281 equivalence classes after dealing with equivalent equivalence classes with different hash values).
Json saved in 3.673013334000018 seconds.
Representative set saved in 1.816 seconds.
Before ECC simplification: num_total_dags = 235311, num_equivalence_classes = 224281, #transformations /Users/chester_hqf/Desktop/Research/2025/Lindbladian/Lindbladian_compilation/external_tools/quartz/eccset/IBM_3_3 = 22060
/Users/chester_hqf/Desktop/Research/2025/Lindbladian/Lindbladian_compilation/external_tools/quartz/eccset/IBM_3_3 generated. Running Time (s): 253.211
Pruning Time (s): 3.519
Verification Time (s): 163.685
Num_total_dags = 87, num_equivalence_classes = 25
*** Number of transformations of /Users/chester_hqf/Desktop/Research/2025/Lindbladian/Lindbladian_compilation/external_tools/quartz/eccset/IBM_3_3 = 124
